
> lead-declaration-system-frontend@1.0.0 build
> vue-tsc && vite build

error TS6504: File 'D:/lead-declaration-system/frontend/src/views/declaration/history/index.vue.js' is a JavaScript file. Did you mean to enable the 'allowJs' option?
  The file is in the program because:
    Root file specified for compilation
error TS6504: File 'D:/lead-declaration-system/frontend/src/views/demo/declaration-form-demo.vue.js' is a JavaScript file. Did you mean to enable the 'allowJs' option?
  The file is in the program because:
    Root file specified for compilation
error TS6504: File 'D:/lead-declaration-system/frontend/src/views/demo/declaration-history.vue.js' is a JavaScript file. Did you mean to enable the 'allowJs' option?
  The file is in the program because:
    Root file specified for compilation
error TS6504: File 'D:/lead-declaration-system/frontend/src/views/demo/simple-shipping-demo.vue.js' is a JavaScript file. Did you mean to enable the 'allowJs' option?
  The file is in the program because:
    Root file specified for compilation
